// Jest Snapshot v1, https://goo.gl/fbAQLP

exports[`NewsArticle should be able to render news article to page 1`] = `
<div
  className="news-article"
>
  <img
    className="news-image"
    src="https://static01.nyt.com/images/2019/09/27/multimedia/27xp-spiderman/27xp-spiderman-superJumbo.jpg?quality=90&auto=webp"
  />
  <h1
    className="news-headline"
  >
    Spider-Man Will Remain in the Marvel Cinematic Universe
  </h1>
  <p
    className="news-description"
  >
    The web slinger will be the only superhero with the ability to cross between Disney and Sonyâ€™s cinematic universes, according to Marvel Studios.
  </p>
  <button
    className="read-article-button"
  >
    <a
      href="https://www.nytimes.com/2019/09/27/business/media/spiderman-mcu-sony-marvel.html"
      target="_blank"
    >
      read article
    </a>
  </button>
</div>
`;
